../Core/Src/st7735.c:109:13:ST7735_GPIO_Init	4	static
../Core/Src/st7735.c:127:13:ST7735_Reset	8	static
../Core/Src/st7735.c:134:13:ST7735_WriteCommand	16	static
../Core/Src/st7735.c:145:13:ST7735_WriteData	16	static
../Core/Src/st7735.c:156:13:ST7735_ExecuteCommandList	24	static
../Core/Src/st7735.c:186:13:ST7735_SetAddressWindow	32	static
../Core/Src/st7735.c:203:13:ST7735_WriteChar	48	static
../Core/Src/st7735.c:228:6:ST7735_Init	8	static
../Core/Src/st7735.c:239:6:ST7735_DrawPixel	24	static
../Core/Src/st7735.c:253:6:ST7735_DrawBoldPixel	16	static
../Core/Src/st7735.c:261:6:ST7735_DrawCrossPixel	16	static
../Core/Src/st7735.c:273:6:ST7735_DrawString	32	static
../Core/Src/st7735.c:303:6:ST7735_FillRectangle	32	static
../Core/Src/st7735.c:330:6:ST7735_FillScreen	24	static
../Core/Src/st7735.c:335:6:ST7735_DrawImage	24	static
../Core/Src/st7735.c:347:6:ST7735_InvertColors	16	static
../Core/Src/st7735.c:354:6:ST7735_Backlight_On	8	static
../Core/Src/st7735.c:359:6:ST7735_Backlight_Off	8	static
../Core/Src/st7735.c:368:6:ST7735_DrawCircle	32	static
../Core/Src/st7735.c:408:6:ST7735_DrawCircleHelper	32	static
../Core/Src/st7735.c:454:6:ST7735_FillCircle	32	static
../Core/Src/st7735.c:465:6:ST7735_FillCircleHelper	32	static
../Core/Src/st7735.c:502:6:ST7735_DrawEllipse	48	static
../Core/Src/st7735.c:546:6:ST7735_FillEllipse	48	static
../Core/Src/st7735.c:590:6:ST7735_DrawRect	24	static
../Core/Src/st7735.c:603:6:ST7735_DrawRoundRect	32	static
../Core/Src/st7735.c:622:6:ST7735_FillRoundRect	32	static
../Core/Src/st7735.c:637:6:ST7735_DrawTriangle	32	static
../Core/Src/st7735.c:649:6:ST7735_FillTriangle	64	static
../Core/Src/st7735.c:732:6:ST7735_DrawLine	48	static
../Core/Src/st7735.c:786:6:ST7735_DrawFastVLine	32	static
../Core/Src/st7735.c:799:6:ST7735_DrawFastHLine	32	static
../Core/Src/st7735.c:812:6:ST7735_SetRotation	24	static
../Core/Src/st7735.c:866:9:ST7735_GetRotation	4	static
../Core/Src/st7735.c:871:9:ST7735_GetHeight	4	static
../Core/Src/st7735.c:876:9:ST7735_GetWidth	4	static
